 0   89146 work_folder/data_0_score_data.npz
 1 2162728 work_folder/data_0_top_score_data.hdf
 2   89146 work_folder/data_1_score_data.npz
 3 2162728 work_folder/data_1_top_score_data.hdf
 4   89146 work_folder/data_2_score_data.npz
 5 2162728 work_folder/data_2_top_score_data.hdf
 6      20 work_folder/extra_group_columns.txt
 7    6531 work_folder/full_stat_subsampled.txt
 8      17 work_folder/invalid_columns.txt
 9     392 work_folder/score_columns.txt
10 1049943 work_folder/subsampled_data_0.txt
11 1049943 work_folder/subsampled_data_1.txt
12 1049943 work_folder/subsampled_data_2.txt
13     708 work_folder/sum_stat_subsampled.txt
14     433 work_folder/weights.txt
