 0  119715 work_folder/data_0_score_data.npz
 1    5638 work_folder/full_stat_subsampled.txt
 2      17 work_folder/invalid_columns.txt
 3     392 work_folder/score_columns.txt
 4 1049943 work_folder/subsampled_data_0.txt
 5     615 work_folder/sum_stat_subsampled.txt
 6     433 work_folder/weights.txt
