 0    5638 work_folder/full_stat_subsampled.txt
 1      17 work_folder/invalid_columns.txt
 2     392 work_folder/score_columns.txt
 3 1049943 work_folder/subsampled_data_0.txt
 4     615 work_folder/sum_stat_subsampled.txt
 5     433 work_folder/weights.txt
           0
0    0.20462
1   -0.11350
2   -3.19892
3    1.23434
4    2.26739
5   -2.00877
6   -0.57566
7  -11.17471
8    0.11501
9    0.00934
10  -0.00685
11  -8.76654
12   0.30343
13  -0.55918
14   4.11061
15   2.14442
16   0.11734   qvalue   svalue   TP  FP        TN         FN          FDR     sens   cutoff
0    0.00  0.01538    3   0  12.06186  179.93814  1.91066e-09  0.01640  6.32332
1    0.01  0.98659  180   2  10.06186    2.93814  9.05396e-03  0.98394  1.49266
2    0.02  1.00000  183   4   8.06186   -0.06186  2.01002e-02  1.00000  0.60044
3    0.05  1.00000  184  10   2.06186   -1.06186  5.19782e-02  1.00000 -0.24633
4    0.10  1.00000  184  11   1.06186   -1.06186  5.65858e-02  1.00000 -1.18063
5    0.20      NaN  NaN NaN       NaN        NaN          NaN      NaN      NaN
6    0.30      NaN  NaN NaN       NaN        NaN          NaN      NaN      NaN
7    0.40      NaN  NaN NaN       NaN        NaN          NaN      NaN      NaN
8    0.50      NaN  NaN NaN       NaN        NaN          NaN      NaN      NaN