 0 2549639 result_folder_3/data_0_scored.txt
 1 2549639 result_folder_3/data_1_scored.txt
 2 2549639 result_folder_3/data_2_scored.txt
 3   28578 result_folder_3/report.pdf
 4   28578 result_folder_3/report_grouped_by_transition_group_id.pdf
 5    1044 result_folder_3/summary_stats.txt
 6    1044 result_folder_3/summary_stats_grouped_by_transition_group_id.txt
 0   89146 work_folder/data_0_score_data.npz
 1 2162944 work_folder/data_0_top_score_data.hdf
 2   89146 work_folder/data_1_score_data.npz
 3 2162944 work_folder/data_1_top_score_data.hdf
 4   89146 work_folder/data_2_score_data.npz
 5 2162944 work_folder/data_2_top_score_data.hdf
 6      20 work_folder/extra_group_columns.txt
 7    5681 work_folder/full_stat_subsampled.txt
 8      17 work_folder/invalid_columns.txt
 9     392 work_folder/score_columns.txt
10 1049943 work_folder/subsampled_data_0.txt
11 1049943 work_folder/subsampled_data_1.txt
12 1049943 work_folder/subsampled_data_2.txt
13     618 work_folder/sum_stat_subsampled.txt
14     433 work_folder/weights.txt

num_null   : 25.00
num_total  : 387.00
stats shape: (387, 9)
mean top target scores: 4.367879
sdev top target scores: 1.518136
mean top decoy  scores: -0.000000
sdev top decoy  scores: 1.000000

   qvalue   svalue   TP  FP           TN           FN          FDR     sens   cutoff
0    0.00  0.02486    9   0  2.50000e+01  3.53000e+02  1.25971e-09  0.02486  6.12497
1    0.01  0.99809  361   4  2.10000e+01  1.00000e+00  1.01108e-02  0.99724  1.04671
2    0.02  1.00000  361   7  1.80000e+01  1.00000e+00  1.92180e-02  0.99724  0.57428
3    0.05  1.00000  363  20  5.00000e+00 -1.00000e+00  5.18942e-02  1.00000 -0.82396
4    0.10  1.00000  362  25 -3.55271e-15  3.55271e-15  6.34677e-02  1.00000 -2.10791
5    0.20      NaN  NaN NaN          NaN          NaN          NaN      NaN      NaN
6    0.30      NaN  NaN NaN          NaN          NaN          NaN      NaN      NaN
7    0.40      NaN  NaN NaN          NaN          NaN          NaN      NaN      NaN
8    0.50      NaN  NaN NaN          NaN          NaN          NaN      NaN      NaN

num_null   : 25.00
num_total  : 387.00
stats shape: (387, 9)
mean top target scores: 4.367879
sdev top target scores: 1.518136
mean top decoy  scores: -0.000000
sdev top decoy  scores: 1.000000

   qvalue   svalue   TP  FP           TN           FN          FDR     sens   cutoff
0    0.00  0.02486    9   0  2.50000e+01  3.53000e+02  1.25971e-09  0.02486  6.12497
1    0.01  0.99809  361   4  2.10000e+01  1.00000e+00  1.01108e-02  0.99724  1.04671
2    0.02  1.00000  361   7  1.80000e+01  1.00000e+00  1.92180e-02  0.99724  0.57428
3    0.05  1.00000  363  20  5.00000e+00 -1.00000e+00  5.18942e-02  1.00000 -0.82396
4    0.10  1.00000  362  25 -3.55271e-15  3.55271e-15  6.34677e-02  1.00000 -2.10791
5    0.20      NaN  NaN NaN          NaN          NaN          NaN      NaN      NaN
6    0.30      NaN  NaN NaN          NaN          NaN          NaN      NaN      NaN
7    0.40      NaN  NaN NaN          NaN          NaN          NaN      NaN      NaN
8    0.50      NaN  NaN NaN          NaN          NaN          NaN      NaN      NaN

transition_group_id	run_id	decoy	main_var_xx_swath_prelim_score	var_bseries_score	var_elution_model_fit_score	var_intensity_score	var_isotope_correlation_score	var_isotope_overlap_score	var_library_corr	var_library_rmsd	var_log_sn_score	var_massdev_score	var_massdev_score_weighted	var_norm_rt_score	var_xcorr_coelution	var_xcorr_coelution_weighted	var_xcorr_shape	var_xcorr_shape_weighted	var_yseries_score	var_faulty_score	peak_group_rank	d_score	m_score	transition_group_id_m_score

459_run0	0	0	5.27893972397	5.0	0.993098139763	0.930480718613	0.998724222183	0.0	0.912406027317	0.0398625209928	5.01656723022	8.83918857574	3.88453722	0.00229200161994	0.0	0.0	0.960350096226	0.970979332924	6.0		1	5.00816202164	4.16304608564e-08	4.16304608564e-08


transition_group_id	run_id	decoy	main_var_xx_swath_prelim_score	var_bseries_score	var_elution_model_fit_score	var_intensity_score	var_isotope_correlation_score	var_isotope_overlap_score	var_library_corr	var_library_rmsd	var_log_sn_score	var_massdev_score	var_massdev_score_weighted	var_norm_rt_score	var_xcorr_coelution	var_xcorr_coelution_weighted	var_xcorr_shape	var_xcorr_shape_weighted	var_yseries_score	var_faulty_score	peak_group_rank	d_score	m_score	transition_group_id_m_score

459_run0	0	0	5.27893972397	5.0	0.993098139763	0.930480718613	0.998724222183	0.0	0.912406027317	0.0398625209928	5.01656723022	8.83918857574	3.88453722	0.00229200161994	0.0	0.0	0.960350096226	0.970979332924	6.0		1	5.00816202164	4.16304608564e-08	4.16304608564e-08


transition_group_id	run_id	decoy	main_var_xx_swath_prelim_score	var_bseries_score	var_elution_model_fit_score	var_intensity_score	var_isotope_correlation_score	var_isotope_overlap_score	var_library_corr	var_library_rmsd	var_log_sn_score	var_massdev_score	var_massdev_score_weighted	var_norm_rt_score	var_xcorr_coelution	var_xcorr_coelution_weighted	var_xcorr_shape	var_xcorr_shape_weighted	var_yseries_score	var_faulty_score	peak_group_rank	d_score	m_score	transition_group_id_m_score

459_run0	0	0	5.27893972397	5.0	0.993098139763	0.930480718613	0.998724222183	0.0	0.912406027317	0.0398625209928	5.01656723022	8.83918857574	3.88453722	0.00229200161994	0.0	0.0	0.960350096226	0.970979332924	6.0		1	5.00816202164	4.16304608564e-08	4.16304608564e-08

