 0  448091 result_folder_3/data_0_scored.txt
 1  448091 result_folder_3/data_1_scored.txt
 2  448091 result_folder_3/data_2_scored.txt
 3     659 result_folder_3/summary_stats.txt
 0  119715 work_folder/data_0_score_data.npz
 1  119715 work_folder/data_1_score_data.npz
 2  119715 work_folder/data_2_score_data.npz
 3    5681 work_folder/full_stat_subsampled.txt
 4      17 work_folder/invalid_columns.txt
 5     392 work_folder/score_columns.txt
 6 1049943 work_folder/subsampled_data_0.txt
 7 1049943 work_folder/subsampled_data_1.txt
 8 1049943 work_folder/subsampled_data_2.txt
 9     618 work_folder/sum_stat_subsampled.txt
10     433 work_folder/weights.txt

   qvalue   svalue   TP   FP   TN   FN      FDR     sens   cutoff
0    0.00  0.02915   27    0  235  899  0.00041  0.02916  6.13026
1    0.01  0.86923  805    8  227  121  0.00995  0.86933  4.21220
2    0.02  0.93044  862   17  218   64  0.01981  0.93089  3.86870
3    0.05  1.00000  927   48  187   -1  0.04883  1.00000  3.30424
4    0.10  1.00000  920  109  126    6  0.10628  0.99352  2.61848
5    0.20  1.00000  873  216   19   53  0.19848  0.94276  1.24742
6    0.30  1.00000  926  235    0    0  0.20241  1.00000 -2.10973
7    0.40      NaN  NaN  NaN  NaN  NaN      NaN      NaN      NaN
8    0.50      NaN  NaN  NaN  NaN  NaN      NaN      NaN      NaN
