 0  448165 result_folder_1/data_0_scored.txt
 1     759 result_folder_1/summary_stats.txt
 0  119715 work_folder/data_0_score_data.npz
 1    5638 work_folder/full_stat_subsampled.txt
 2      17 work_folder/invalid_columns.txt
 3     392 work_folder/score_columns.txt
 4 1049943 work_folder/subsampled_data_0.txt
 5     615 work_folder/sum_stat_subsampled.txt
 6     433 work_folder/weights.txt

   qvalue   svalue   TP  FP        TN         FN      FDR     sens   cutoff
0    0.00  0.02915    9   0  78.33333  299.66667  0.00039  0.02916  6.12497
1    0.01  0.87564  270   3  75.33333   38.66667  0.00996  0.87473  4.19544
2    0.02  0.93303  288   6  72.33333   20.66667  0.02042  0.93305  3.83993
3    0.05  1.00000  309  17  61.33333   -0.33333  0.05067  1.00000  3.26682
4    0.10  1.00000  307  36  42.33333    1.66667  0.10561  0.99460  2.61622
5    0.20  1.00000  291  72   6.33333   17.66667  0.19833  0.94276  1.24635
6    0.30  1.00000  309  78   0.33333   -0.33333  0.20241  1.00000 -2.10786
7    0.40      NaN  NaN NaN       NaN        NaN      NaN      NaN      NaN
8    0.50      NaN  NaN NaN       NaN        NaN      NaN      NaN      NaN
