0    5547 full_stat_subsampled.txt
1  206624 subsampled_test_data.txt
2     750 sum_stat_subsampled.txt
3     259 weights.txt
